Warning: Design 'AES' has '3' unresolved references. For more detailed information, use the "link" command. (UID-341)
 
****************************************
Report : area
Design : AES
Version: O-2018.06-SP1
Date   : Mon Mar 24 14:05:39 2025
****************************************

Library(s) Used:

    IBM_CMOS8HP_SS125 (File: /apps/design_kits/ibm_kits/IBM_IP/ibm_cmos8hp/std_cell/sc/v.20110613/synopsys/ss_125/IBM_CMOS8HP_SS125.db)

Number of ports:                          388
Number of nets:                          9507
Number of cells:                         6696
Number of combinational cells:           3863
Number of sequential cells:              2833
Number of macros/black boxes:               0
Number of buf/inv:                       1030
Number of references:                      31

Combinational area:              67559.038754
Buf/Inv area:                    24282.239727
Noncombinational area:           85766.398026
Macro/Black Box area:                0.000000
Net Interconnect area:      undefined  (Wire load has zero net area)

Total cell area:                153325.436779
Total area:                 undefined

Information: This design contains black box (unknown) components. (RPT-8)

Hierarchical area distribution
------------------------------

                                  Global cell area             Local cell area
                                  --------------------  ------------------------------ 
Hierarchical cell                 Absolute     Percent  Combi-      Noncombi-   Black-
                                  Total        Total    national    national    boxes   Design
--------------------------------  -----------  -------  ----------  ----------  ------  ---------
AES                               153325.4368    100.0  67559.0388  85766.3980  0.0000  AES
--------------------------------  -----------  -------  ----------  ----------  ------  ---------
Total                                                   67559.0388  85766.3980  0.0000

1
