Warning: Design 'AES' has '3' unresolved references. For more detailed information, use the "link" command. (UID-341)
Information: Updating design information... (UID-85)
Warning: Design 'AES' contains 1 high-fanout nets. A fanout number of 1000 will be used for delay calculations involving these nets. (TIM-134)
 
****************************************
Report : timing
        -path full
        -delay max
        -nworst 5
        -max_paths 5
        -sort_by group
Design : AES
Version: O-2018.06-SP1
Date   : Mon Mar 24 14:05:38 2025
****************************************

 # A fanout number of 1000 was used for high fanout net computations.

Operating Conditions: slow   Library: IBM_CMOS8HP_SS125
Wire Load Model Mode: enclosed

  Startpoint: encrypting_reg
              (rising edge-triggered flip-flop clocked by clk)
  Endpoint: B_reg[0] (rising edge-triggered flip-flop clocked by clk)
  Path Group: clk
  Path Type: max

  Des/Clust/Port     Wire Load Model       Library
  ------------------------------------------------
  AES                500K_CELLS_6LMC4A     IBM_CMOS8HP_SS125

  Point                                    Incr       Path
  -----------------------------------------------------------
  clock clk (rise edge)                   0.000      0.000
  clock network delay (ideal)             1.000      1.000
  encrypting_reg/CLK (DFFR_E)             0.000 #    1.000 r
  encrypting_reg/QBAR (DFFR_E)            0.229      1.229 f
  U2752/Z (INVERT_I)                      0.065      1.294 r
  U3025/Z (INVERT_I)                      0.051      1.345 f
  U3024/Z (INVERT_K)                      0.054      1.399 r
  U3022/Z (NAND2BAL_E)                    0.054      1.453 f
  U4006/Z (BUFFER_F)                      0.074      1.527 f
  U6304/Z (INVERT_D)                      0.060      1.587 r
  U4007/Z (CLK_I)                         0.093      1.680 r
  U2719/Z (INVERT_I)                      0.044      1.724 f
  U4008/Z (INVERT_J)                      0.051      1.775 r
  U6181/Z (INVERT_L)                      0.047      1.822 f
  U6271/Z (INVERT_K)                      0.052      1.874 r
  U6431/Z (INVERT_M)                      0.048      1.922 f
  U6192/Z (INVERT_M)                      0.052      1.974 r
  U6379/Z (INVERT_M)                      0.046      2.020 f
  U3041/Z (INVERT_O)                      0.049      2.070 r
  U3042/Z (INVERT_O)                      0.044      2.113 f
  U5512/Z (AO22_F)                        0.127      2.240 f
  B_reg[0]/D (DFF_E)                      0.000      2.240 f
  data arrival time                                  2.240

  clock clk (rise edge)                  10.000     10.000
  clock network delay (ideal)             1.000     11.000
  clock uncertainty                      -0.700     10.300
  B_reg[0]/CLK (DFF_E)                    0.000     10.300 r
  library setup time                     -0.222     10.078
  data required time                                10.078
  -----------------------------------------------------------
  data required time                                10.078
  data arrival time                                 -2.240
  -----------------------------------------------------------
  slack (MET)                                        7.838


  Startpoint: encrypting_reg
              (rising edge-triggered flip-flop clocked by clk)
  Endpoint: B_reg[1] (rising edge-triggered flip-flop clocked by clk)
  Path Group: clk
  Path Type: max

  Des/Clust/Port     Wire Load Model       Library
  ------------------------------------------------
  AES                500K_CELLS_6LMC4A     IBM_CMOS8HP_SS125

  Point                                    Incr       Path
  -----------------------------------------------------------
  clock clk (rise edge)                   0.000      0.000
  clock network delay (ideal)             1.000      1.000
  encrypting_reg/CLK (DFFR_E)             0.000 #    1.000 r
  encrypting_reg/QBAR (DFFR_E)            0.229      1.229 f
  U2752/Z (INVERT_I)                      0.065      1.294 r
  U3025/Z (INVERT_I)                      0.051      1.345 f
  U3024/Z (INVERT_K)                      0.054      1.399 r
  U3022/Z (NAND2BAL_E)                    0.054      1.453 f
  U4006/Z (BUFFER_F)                      0.074      1.527 f
  U6304/Z (INVERT_D)                      0.060      1.587 r
  U4007/Z (CLK_I)                         0.093      1.680 r
  U2719/Z (INVERT_I)                      0.044      1.724 f
  U4008/Z (INVERT_J)                      0.051      1.775 r
  U6181/Z (INVERT_L)                      0.047      1.822 f
  U6271/Z (INVERT_K)                      0.052      1.874 r
  U6431/Z (INVERT_M)                      0.048      1.922 f
  U6192/Z (INVERT_M)                      0.052      1.974 r
  U6380/Z (INVERT_M)                      0.046      2.020 f
  U3234/Z (INVERT_O)                      0.049      2.070 r
  U3244/Z (INVERT_O)                      0.044      2.113 f
  U5511/Z (AO22_F)                        0.127      2.240 f
  B_reg[1]/D (DFF_E)                      0.000      2.240 f
  data arrival time                                  2.240

  clock clk (rise edge)                  10.000     10.000
  clock network delay (ideal)             1.000     11.000
  clock uncertainty                      -0.700     10.300
  B_reg[1]/CLK (DFF_E)                    0.000     10.300 r
  library setup time                     -0.222     10.078
  data required time                                10.078
  -----------------------------------------------------------
  data required time                                10.078
  data arrival time                                 -2.240
  -----------------------------------------------------------
  slack (MET)                                        7.838


  Startpoint: encrypting_reg
              (rising edge-triggered flip-flop clocked by clk)
  Endpoint: B_reg[2] (rising edge-triggered flip-flop clocked by clk)
  Path Group: clk
  Path Type: max

  Des/Clust/Port     Wire Load Model       Library
  ------------------------------------------------
  AES                500K_CELLS_6LMC4A     IBM_CMOS8HP_SS125

  Point                                    Incr       Path
  -----------------------------------------------------------
  clock clk (rise edge)                   0.000      0.000
  clock network delay (ideal)             1.000      1.000
  encrypting_reg/CLK (DFFR_E)             0.000 #    1.000 r
  encrypting_reg/QBAR (DFFR_E)            0.229      1.229 f
  U2752/Z (INVERT_I)                      0.065      1.294 r
  U3025/Z (INVERT_I)                      0.051      1.345 f
  U3024/Z (INVERT_K)                      0.054      1.399 r
  U3022/Z (NAND2BAL_E)                    0.054      1.453 f
  U4006/Z (BUFFER_F)                      0.074      1.527 f
  U6304/Z (INVERT_D)                      0.060      1.587 r
  U4007/Z (CLK_I)                         0.093      1.680 r
  U2719/Z (INVERT_I)                      0.044      1.724 f
  U4008/Z (INVERT_J)                      0.051      1.775 r
  U6181/Z (INVERT_L)                      0.047      1.822 f
  U6271/Z (INVERT_K)                      0.052      1.874 r
  U6431/Z (INVERT_M)                      0.048      1.922 f
  U6192/Z (INVERT_M)                      0.052      1.974 r
  U6380/Z (INVERT_M)                      0.046      2.020 f
  U3234/Z (INVERT_O)                      0.049      2.070 r
  U3244/Z (INVERT_O)                      0.044      2.113 f
  U5510/Z (AO22_F)                        0.127      2.240 f
  B_reg[2]/D (DFF_E)                      0.000      2.240 f
  data arrival time                                  2.240

  clock clk (rise edge)                  10.000     10.000
  clock network delay (ideal)             1.000     11.000
  clock uncertainty                      -0.700     10.300
  B_reg[2]/CLK (DFF_E)                    0.000     10.300 r
  library setup time                     -0.222     10.078
  data required time                                10.078
  -----------------------------------------------------------
  data required time                                10.078
  data arrival time                                 -2.240
  -----------------------------------------------------------
  slack (MET)                                        7.838


  Startpoint: encrypting_reg
              (rising edge-triggered flip-flop clocked by clk)
  Endpoint: B_reg[3] (rising edge-triggered flip-flop clocked by clk)
  Path Group: clk
  Path Type: max

  Des/Clust/Port     Wire Load Model       Library
  ------------------------------------------------
  AES                500K_CELLS_6LMC4A     IBM_CMOS8HP_SS125

  Point                                    Incr       Path
  -----------------------------------------------------------
  clock clk (rise edge)                   0.000      0.000
  clock network delay (ideal)             1.000      1.000
  encrypting_reg/CLK (DFFR_E)             0.000 #    1.000 r
  encrypting_reg/QBAR (DFFR_E)            0.229      1.229 f
  U2752/Z (INVERT_I)                      0.065      1.294 r
  U3025/Z (INVERT_I)                      0.051      1.345 f
  U3024/Z (INVERT_K)                      0.054      1.399 r
  U3022/Z (NAND2BAL_E)                    0.054      1.453 f
  U4006/Z (BUFFER_F)                      0.074      1.527 f
  U6304/Z (INVERT_D)                      0.060      1.587 r
  U4007/Z (CLK_I)                         0.093      1.680 r
  U2719/Z (INVERT_I)                      0.044      1.724 f
  U4008/Z (INVERT_J)                      0.051      1.775 r
  U6181/Z (INVERT_L)                      0.047      1.822 f
  U6271/Z (INVERT_K)                      0.052      1.874 r
  U6431/Z (INVERT_M)                      0.048      1.922 f
  U6192/Z (INVERT_M)                      0.052      1.974 r
  U6380/Z (INVERT_M)                      0.046      2.020 f
  U3242/Z (INVERT_O)                      0.049      2.070 r
  U3243/Z (INVERT_O)                      0.044      2.113 f
  U5509/Z (AO22_F)                        0.127      2.240 f
  B_reg[3]/D (DFF_E)                      0.000      2.240 f
  data arrival time                                  2.240

  clock clk (rise edge)                  10.000     10.000
  clock network delay (ideal)             1.000     11.000
  clock uncertainty                      -0.700     10.300
  B_reg[3]/CLK (DFF_E)                    0.000     10.300 r
  library setup time                     -0.222     10.078
  data required time                                10.078
  -----------------------------------------------------------
  data required time                                10.078
  data arrival time                                 -2.240
  -----------------------------------------------------------
  slack (MET)                                        7.838


  Startpoint: encrypting_reg
              (rising edge-triggered flip-flop clocked by clk)
  Endpoint: B_reg[4] (rising edge-triggered flip-flop clocked by clk)
  Path Group: clk
  Path Type: max

  Des/Clust/Port     Wire Load Model       Library
  ------------------------------------------------
  AES                500K_CELLS_6LMC4A     IBM_CMOS8HP_SS125

  Point                                    Incr       Path
  -----------------------------------------------------------
  clock clk (rise edge)                   0.000      0.000
  clock network delay (ideal)             1.000      1.000
  encrypting_reg/CLK (DFFR_E)             0.000 #    1.000 r
  encrypting_reg/QBAR (DFFR_E)            0.229      1.229 f
  U2752/Z (INVERT_I)                      0.065      1.294 r
  U3025/Z (INVERT_I)                      0.051      1.345 f
  U3024/Z (INVERT_K)                      0.054      1.399 r
  U3022/Z (NAND2BAL_E)                    0.054      1.453 f
  U4006/Z (BUFFER_F)                      0.074      1.527 f
  U6304/Z (INVERT_D)                      0.060      1.587 r
  U4007/Z (CLK_I)                         0.093      1.680 r
  U2719/Z (INVERT_I)                      0.044      1.724 f
  U4008/Z (INVERT_J)                      0.051      1.775 r
  U6181/Z (INVERT_L)                      0.047      1.822 f
  U6271/Z (INVERT_K)                      0.052      1.874 r
  U6431/Z (INVERT_M)                      0.048      1.922 f
  U6192/Z (INVERT_M)                      0.052      1.974 r
  U6380/Z (INVERT_M)                      0.046      2.020 f
  U3242/Z (INVERT_O)                      0.049      2.070 r
  U3241/Z (INVERT_O)                      0.044      2.113 f
  U5508/Z (AO22_F)                        0.127      2.240 f
  B_reg[4]/D (DFF_E)                      0.000      2.240 f
  data arrival time                                  2.240

  clock clk (rise edge)                  10.000     10.000
  clock network delay (ideal)             1.000     11.000
  clock uncertainty                      -0.700     10.300
  B_reg[4]/CLK (DFF_E)                    0.000     10.300 r
  library setup time                     -0.222     10.078
  data required time                                10.078
  -----------------------------------------------------------
  data required time                                10.078
  data arrival time                                 -2.240
  -----------------------------------------------------------
  slack (MET)                                        7.838


  Startpoint: ciphertext_out_reg[4]
              (rising edge-triggered flip-flop clocked by clk)
  Endpoint: ciphertext_out[4]
            (output port clocked by v_clk)
  Path Group: v_clk
  Path Type: max

  Des/Clust/Port     Wire Load Model       Library
  ------------------------------------------------
  AES                500K_CELLS_6LMC4A     IBM_CMOS8HP_SS125

  Point                                    Incr       Path
  -----------------------------------------------------------
  clock clk (rise edge)                   0.000      0.000
  clock network delay (ideal)             1.000      1.000
  ciphertext_out_reg[4]/CLK (DFFR_E)      0.000 #    1.000 r
  ciphertext_out_reg[4]/Q (DFFR_E)        0.319      1.319 r
  U2877/Z (INVERT_J)                      0.054      1.374 f
  U3016/Z (INVERT_O)                      0.055      1.428 r
  ciphertext_out[4] (out)                 0.002      1.431 r
  data arrival time                                  1.431

  clock v_clk (rise edge)                10.000     10.000
  clock network delay (ideal)             0.000     10.000
  output external delay                  -1.000      9.000
  data required time                                 9.000
  -----------------------------------------------------------
  data required time                                 9.000
  data arrival time                                 -1.431
  -----------------------------------------------------------
  slack (MET)                                        7.569


  Startpoint: ciphertext_out_reg[3]
              (rising edge-triggered flip-flop clocked by clk)
  Endpoint: ciphertext_out[3]
            (output port clocked by v_clk)
  Path Group: v_clk
  Path Type: max

  Des/Clust/Port     Wire Load Model       Library
  ------------------------------------------------
  AES                500K_CELLS_6LMC4A     IBM_CMOS8HP_SS125

  Point                                    Incr       Path
  -----------------------------------------------------------
  clock clk (rise edge)                   0.000      0.000
  clock network delay (ideal)             1.000      1.000
  ciphertext_out_reg[3]/CLK (DFFR_E)      0.000 #    1.000 r
  ciphertext_out_reg[3]/Q (DFFR_E)        0.319      1.319 r
  U2878/Z (INVERT_J)                      0.054      1.374 f
  U3017/Z (INVERT_O)                      0.055      1.428 r
  ciphertext_out[3] (out)                 0.002      1.431 r
  data arrival time                                  1.431

  clock v_clk (rise edge)                10.000     10.000
  clock network delay (ideal)             0.000     10.000
  output external delay                  -1.000      9.000
  data required time                                 9.000
  -----------------------------------------------------------
  data required time                                 9.000
  data arrival time                                 -1.431
  -----------------------------------------------------------
  slack (MET)                                        7.569


  Startpoint: ciphertext_out_reg[2]
              (rising edge-triggered flip-flop clocked by clk)
  Endpoint: ciphertext_out[2]
            (output port clocked by v_clk)
  Path Group: v_clk
  Path Type: max

  Des/Clust/Port     Wire Load Model       Library
  ------------------------------------------------
  AES                500K_CELLS_6LMC4A     IBM_CMOS8HP_SS125

  Point                                    Incr       Path
  -----------------------------------------------------------
  clock clk (rise edge)                   0.000      0.000
  clock network delay (ideal)             1.000      1.000
  ciphertext_out_reg[2]/CLK (DFFR_E)      0.000 #    1.000 r
  ciphertext_out_reg[2]/Q (DFFR_E)        0.319      1.319 r
  U2879/Z (INVERT_J)                      0.054      1.374 f
  U3018/Z (INVERT_O)                      0.055      1.428 r
  ciphertext_out[2] (out)                 0.002      1.431 r
  data arrival time                                  1.431

  clock v_clk (rise edge)                10.000     10.000
  clock network delay (ideal)             0.000     10.000
  output external delay                  -1.000      9.000
  data required time                                 9.000
  -----------------------------------------------------------
  data required time                                 9.000
  data arrival time                                 -1.431
  -----------------------------------------------------------
  slack (MET)                                        7.569


  Startpoint: ciphertext_out_reg[1]
              (rising edge-triggered flip-flop clocked by clk)
  Endpoint: ciphertext_out[1]
            (output port clocked by v_clk)
  Path Group: v_clk
  Path Type: max

  Des/Clust/Port     Wire Load Model       Library
  ------------------------------------------------
  AES                500K_CELLS_6LMC4A     IBM_CMOS8HP_SS125

  Point                                    Incr       Path
  -----------------------------------------------------------
  clock clk (rise edge)                   0.000      0.000
  clock network delay (ideal)             1.000      1.000
  ciphertext_out_reg[1]/CLK (DFFR_E)      0.000 #    1.000 r
  ciphertext_out_reg[1]/Q (DFFR_E)        0.319      1.319 r
  U2880/Z (INVERT_J)                      0.054      1.374 f
  U3019/Z (INVERT_O)                      0.055      1.428 r
  ciphertext_out[1] (out)                 0.002      1.431 r
  data arrival time                                  1.431

  clock v_clk (rise edge)                10.000     10.000
  clock network delay (ideal)             0.000     10.000
  output external delay                  -1.000      9.000
  data required time                                 9.000
  -----------------------------------------------------------
  data required time                                 9.000
  data arrival time                                 -1.431
  -----------------------------------------------------------
  slack (MET)                                        7.569


  Startpoint: ciphertext_out_reg[0]
              (rising edge-triggered flip-flop clocked by clk)
  Endpoint: ciphertext_out[0]
            (output port clocked by v_clk)
  Path Group: v_clk
  Path Type: max

  Des/Clust/Port     Wire Load Model       Library
  ------------------------------------------------
  AES                500K_CELLS_6LMC4A     IBM_CMOS8HP_SS125

  Point                                    Incr       Path
  -----------------------------------------------------------
  clock clk (rise edge)                   0.000      0.000
  clock network delay (ideal)             1.000      1.000
  ciphertext_out_reg[0]/CLK (DFFR_E)      0.000 #    1.000 r
  ciphertext_out_reg[0]/Q (DFFR_E)        0.319      1.319 r
  U2881/Z (INVERT_J)                      0.054      1.374 f
  U3020/Z (INVERT_O)                      0.055      1.428 r
  ciphertext_out[0] (out)                 0.002      1.431 r
  data arrival time                                  1.431

  clock v_clk (rise edge)                10.000     10.000
  clock network delay (ideal)             0.000     10.000
  output external delay                  -1.000      9.000
  data required time                                 9.000
  -----------------------------------------------------------
  data required time                                 9.000
  data arrival time                                 -1.431
  -----------------------------------------------------------
  slack (MET)                                        7.569


1
